2026-06-29T08:42:32.948Z Load environment configuration
mkdir: created directory '/appsmith-stacks/git-storage'
Using Postgres DB URL
Skipping AI DB availability check for all AI DB URLs
Initializing PostgreSQL with schema...
APPSMITH_AI_DB_URL is a valid PostgreSQL URL.
Failed to create schema. Skipping remaining AI DB setup.
Failed to initialize AI DB
AI DB setup failed, but continuing with RTS startup...
{"level":30,"time":"2026-06-29 14:12:35 +05:30","pid":1793,"hostname":"b1c76244859a","method":"Initializing LlamaIndexEmbedding","message":"Initializing LlamaIndexEmbedding","timestamp":"2026-06-29T08:42:35.106Z"}
2026-06-29T08:42:35.464 server info: ===================================================================
2026-06-29T08:42:35.465 server info: scimgateway[server] accepting requests from all clients
2026-06-29T08:42:35.466 server info: scimgateway[server] now listening SCIM 2.0 on port 8886...

Checking if Backend server is running...
RTS version v2.1 running at http://localhost:8091
Backend server is not running. Retrying attempt 1/50 in 20 seconds...
Checking if Backend server is running...
Backend server is not running. Retrying attempt 2/50 in 20 seconds...
Checking if Backend server is running...
Backend server is not running. Retrying attempt 3/50 in 20 seconds...
Checking if Backend server is running...
Backend server is not running. Retrying attempt 4/50 in 20 seconds...
Checking if Backend server is running...
Backend server is not running. Retrying attempt 5/50 in 20 seconds...
Checking if Backend server is running...
Backend server is not running. Retrying attempt 6/50 in 20 seconds...
Checking if Backend server is running...
Backend server is not running. Retrying attempt 7/50 in 20 seconds...
Checking if Backend server is running...
Backend server is not running. Retrying attempt 8/50 in 20 seconds...
Checking if Backend server is running...
Backend server is not running. Retrying attempt 9/50 in 20 seconds...
Checking if Backend server is running...
Backend server is not running. Retrying attempt 10/50 in 20 seconds...
Checking if Backend server is running...
Backend server is not running. Retrying attempt 11/50 in 20 seconds...
Checking if Backend server is running...
Backend server is not running. Retrying attempt 12/50 in 20 seconds...
Checking if Backend server is running...
Backend server is not running. Retrying attempt 13/50 in 20 seconds...
Checking if Backend server is running...
Backend server is not running. Retrying attempt 14/50 in 20 seconds...
Checking if Backend server is running...
Backend server is not running. Retrying attempt 15/50 in 20 seconds...
Checking if Backend server is running...
Backend server is not running. Retrying attempt 16/50 in 20 seconds...
Checking if Backend server is running...
Backend server is not running. Retrying attempt 17/50 in 20 seconds...
Checking if Backend server is running...
Backend server is not running. Retrying attempt 18/50 in 20 seconds...
Checking if Backend server is running...
Backend server is not running. Retrying attempt 19/50 in 20 seconds...
Checking if Backend server is running...
Backend server is not running. Retrying attempt 20/50 in 20 seconds...
Checking if Backend server is running...
Backend server is not running. Retrying attempt 21/50 in 20 seconds...
Checking if Backend server is running...
Backend server is not running. Retrying attempt 22/50 in 20 seconds...
Checking if Backend server is running...
Backend server is not running. Retrying attempt 23/50 in 20 seconds...
Checking if Backend server is running...
Backend server is not running. Retrying attempt 24/50 in 20 seconds...
Checking if Backend server is running...
Backend server is not running. Retrying attempt 25/50 in 20 seconds...
Checking if Backend server is running...
Backend server is not running. Retrying attempt 26/50 in 20 seconds...
Checking if Backend server is running...
Backend server is not running. Retrying attempt 27/50 in 20 seconds...
Checking if Backend server is running...
Backend server is not running. Retrying attempt 28/50 in 20 seconds...
Checking if Backend server is running...
Backend server is not running. Retrying attempt 29/50 in 20 seconds...
Checking if Backend server is running...
Backend server is not running. Retrying attempt 30/50 in 20 seconds...
Checking if Backend server is running...
Backend server is not running. Retrying attempt 31/50 in 20 seconds...
Checking if Backend server is running...
Backend server is not running. Retrying attempt 32/50 in 20 seconds...
Checking if Backend server is running...
Backend server is not running. Retrying attempt 33/50 in 20 seconds...
Checking if Backend server is running...
Backend server is not running. Retrying attempt 34/50 in 20 seconds...
Checking if Backend server is running...
Backend server is not running. Retrying attempt 35/50 in 20 seconds...
Checking if Backend server is running...
Backend server is not running. Retrying attempt 36/50 in 20 seconds...
Checking if Backend server is running...
Backend server is not running. Retrying attempt 37/50 in 20 seconds...
Checking if Backend server is running...
Backend server is not running. Retrying attempt 38/50 in 20 seconds...
Checking if Backend server is running...
Backend server is not running. Retrying attempt 39/50 in 20 seconds...
Checking if Backend server is running...
Backend server is not running. Retrying attempt 40/50 in 20 seconds...
Checking if Backend server is running...
Backend server is not running. Retrying attempt 41/50 in 20 seconds...
Checking if Backend server is running...
Backend server is not running. Retrying attempt 42/50 in 20 seconds...
Checking if Backend server is running...
Backend server is not running. Retrying attempt 43/50 in 20 seconds...
Checking if Backend server is running...
Backend server is not running. Retrying attempt 44/50 in 20 seconds...
Checking if Backend server is running...
Backend server is not running. Retrying attempt 45/50 in 20 seconds...
Checking if Backend server is running...
Backend server is not running. Retrying attempt 46/50 in 20 seconds...
Checking if Backend server is running...
Backend server is not running. Retrying attempt 47/50 in 20 seconds...
Checking if Backend server is running...
Backend server is not running. Retrying attempt 48/50 in 20 seconds...
Checking if Backend server is running...
Backend server is not running. Retrying attempt 49/50 in 20 seconds...
Checking if Backend server is running...
Backend server is not running. Retrying attempt 50/50 in 20 seconds...
Checking if Backend server is running...
Checking if Temporal server is running...
Temporal server is running.
Instance: Connection {
  options: {
    address: 'localhost:7233',
    credentials: InsecureChannelCredentialsImpl {
      callCredentials: EmptyCallCredentials {}
    },
    channelArgs: {
      'grpc.keepalive_permit_without_calls': 1,
      'grpc.keepalive_time_ms': 30000,
      'grpc.keepalive_timeout_ms': 15000
    },
    interceptors: [ [Function (anonymous)] ],
    metadata: {
      'client-name': 'temporal-typescript',
      'client-version': '1.10.1'
    },
    connectTimeoutMs: 10000
  },
  client: ServiceClientImpl {
    Symbol(): [],
    Symbol(): [],
    Symbol(): undefined,
    Symbol(): ChannelImplementation { internalChannel: [InternalChannel] }
  },
  workflowService: Service {
    _listeners: {},
    rpcImpl: [Function (anonymous)],
    requestDelimited: false,
    responseDelimited: false,
    registerNamespace: [Function: registerNamespace],
    describeNamespace: [Function: describeNamespace],
    listNamespaces: [Function: listNamespaces],
    updateNamespace: [Function: updateNamespace],
    deprecateNamespace: [Function: deprecateNamespace],
    startWorkflowExecution: [Function: startWorkflowExecution],
    executeMultiOperation: [Function: executeMultiOperation],
    getWorkflowExecutionHistory: [Function: getWorkflowExecutionHistory],
    getWorkflowExecutionHistoryReverse: [Function: getWorkflowExecutionHistoryReverse],
    pollWorkflowTaskQueue: [Function: pollWorkflowTaskQueue],
    respondWorkflowTaskCompleted: [Function: respondWorkflowTaskCompleted],
    respondWorkflowTaskFailed: [Function: respondWorkflowTaskFailed],
    pollActivityTaskQueue: [Function: pollActivityTaskQueue],
    recordActivityTaskHeartbeat: [Function: recordActivityTaskHeartbeat],
    recordActivityTaskHeartbeatById: [Function: recordActivityTaskHeartbeatById],
    respondActivityTaskCompleted: [Function: respondActivityTaskCompleted],
    respondActivityTaskCompletedById: [Function: respondActivityTaskCompletedById],
    respondActivityTaskFailed: [Function: respondActivityTaskFailed],
    respondActivityTaskFailedById: [Function: respondActivityTaskFailedById],
    respondActivityTaskCanceled: [Function: respondActivityTaskCanceled],
    respondActivityTaskCanceledById: [Function: respondActivityTaskCanceledById],
    requestCancelWorkflowExecution: [Function: requestCancelWorkflowExecution],
    signalWorkflowExecution: [Function: signalWorkflowExecution],
    signalWithStartWorkflowExecution: [Function: signalWithStartWorkflowExecution],
    resetWorkflowExecution: [Function: resetWorkflowExecution],
    terminateWorkflowExecution: [Function: terminateWorkflowExecution],
    deleteWorkflowExecution: [Function: deleteWorkflowExecution],
    listOpenWorkflowExecutions: [Function: listOpenWorkflowExecutions],
    listClosedWorkflowExecutions: [Function: listClosedWorkflowExecutions],
    listWorkflowExecutions: [Function: listWorkflowExecutions],
    listArchivedWorkflowExecutions: [Function: listArchivedWorkflowExecutions],
    scanWorkflowExecutions: [Function: scanWorkflowExecutions],
    countWorkflowExecutions: [Function: countWorkflowExecutions],
    getSearchAttributes: [Function: getSearchAttributes],
    respondQueryTaskCompleted: [Function: respondQueryTaskCompleted],
    resetStickyTaskQueue: [Function: resetStickyTaskQueue],
    queryWorkflow: [Function: queryWorkflow],
    describeWorkflowExecution: [Function: describeWorkflowExecution],
    describeTaskQueue: [Function: describeTaskQueue],
    getClusterInfo: [Function: getClusterInfo],
    getSystemInfo: [Function: getSystemInfo],
    listTaskQueuePartitions: [Function: listTaskQueuePartitions],
    createSchedule: [Function: createSchedule],
    describeSchedule: [Function: describeSchedule],
    updateSchedule: [Function: updateSchedule],
    patchSchedule: [Function: patchSchedule],
    listScheduleMatchingTimes: [Function: listScheduleMatchingTimes],
    deleteSchedule: [Function: deleteSchedule],
    listSchedules: [Function: listSchedules],
    updateWorkerBuildIdCompatibility: [Function: updateWorkerBuildIdCompatibility],
    getWorkerBuildIdCompatibility: [Function: getWorkerBuildIdCompatibility],
    updateWorkerVersioningRules: [Function: updateWorkerVersioningRules],
    getWorkerVersioningRules: [Function: getWorkerVersioningRules],
    getWorkerTaskReachability: [Function: getWorkerTaskReachability],
    updateWorkflowExecution: [Function: updateWorkflowExecution],
    pollWorkflowExecutionUpdate: [Function: pollWorkflowExecutionUpdate],
    startBatchOperation: [Function: startBatchOperation],
    stopBatchOperation: [Function: stopBatchOperation],
    describeBatchOperation: [Function: describeBatchOperation],
    listBatchOperations: [Function: listBatchOperations],
    pollNexusTaskQueue: [Function: pollNexusTaskQueue],
    respondNexusTaskCompleted: [Function: respondNexusTaskCompleted],
    respondNexusTaskFailed: [Function: respondNexusTaskFailed]
  },
  operatorService: Service {
    _listeners: {},
    rpcImpl: [Function (anonymous)],
    requestDelimited: false,
    responseDelimited: false,
    addSearchAttributes: [Function: addSearchAttributes],
    removeSearchAttributes: [Function: removeSearchAttributes],
    listSearchAttributes: [Function: listSearchAttributes],
    deleteNamespace: [Function: deleteNamespace],
    addOrUpdateRemoteCluster: [Function: addOrUpdateRemoteCluster],
    removeRemoteCluster: [Function: removeRemoteCluster],
    listClusters: [Function: listClusters],
    getNexusEndpoint: [Function: getNexusEndpoint],
    createNexusEndpoint: [Function: createNexusEndpoint],
    updateNexusEndpoint: [Function: updateNexusEndpoint],
    deleteNexusEndpoint: [Function: deleteNexusEndpoint],
    listNexusEndpoints: [Function: listNexusEndpoints]
  },
  healthService: Service {
    _listeners: {},
    rpcImpl: [Function (anonymous)],
    requestDelimited: false,
    responseDelimited: false,
    check: [Function: check],
    watch: [Function: watch]
  },
  callContextStorage: AsyncLocalStorage {},
  apiKeyFnRef: {},
  connectPromise: Promise { undefined }
}
2026-08-22T18:41:40.590Z Load environment configuration
Using Postgres DB URL
Skipping AI DB availability check for all AI DB URLs
Initializing PostgreSQL with schema...
APPSMITH_AI_DB_URL is a valid PostgreSQL URL.
Failed to create schema. Skipping remaining AI DB setup.
Failed to initialize AI DB
AI DB setup failed, but continuing with RTS startup...
{"level":30,"time":"2026-08-23 00:11:43 +05:30","pid":1808,"hostname":"b1c76244859a","method":"Initializing LlamaIndexEmbedding","message":"Initializing LlamaIndexEmbedding","timestamp":"2026-08-22T18:41:43.078Z"}
2026-08-22T18:41:43.910 server info: ===================================================================
2026-08-22T18:41:43.911 server info: scimgateway[server] accepting requests from all clients
2026-08-22T18:41:43.912 server info: scimgateway[server] now listening SCIM 2.0 on port 8886...

Checking if Backend server is running...
RTS version v2.1 running at http://localhost:8091
Backend server is not running. Retrying attempt 1/50 in 20 seconds...
Checking if Backend server is running...
Backend server is not running. Retrying attempt 2/50 in 20 seconds...
Checking if Backend server is running...
Backend server is not running. Retrying attempt 3/50 in 20 seconds...
Checking if Backend server is running...
Backend server is not running. Retrying attempt 4/50 in 20 seconds...
Checking if Backend server is running...
Backend server is not running. Retrying attempt 5/50 in 20 seconds...
Checking if Backend server is running...
Backend server is not running. Retrying attempt 6/50 in 20 seconds...
Checking if Backend server is running...
Backend server is not running. Retrying attempt 7/50 in 20 seconds...
Checking if Backend server is running...
Backend server is not running. Retrying attempt 8/50 in 20 seconds...
Checking if Backend server is running...
Backend server is not running. Retrying attempt 9/50 in 20 seconds...
Checking if Backend server is running...
Backend server is not running. Retrying attempt 10/50 in 20 seconds...
Checking if Backend server is running...
Backend server is not running. Retrying attempt 11/50 in 20 seconds...
Checking if Backend server is running...
Backend server is not running. Retrying attempt 12/50 in 20 seconds...
Checking if Backend server is running...
Backend server is not running. Retrying attempt 13/50 in 20 seconds...
Checking if Backend server is running...
Backend server is not running. Retrying attempt 14/50 in 20 seconds...
Checking if Backend server is running...
Backend server is not running. Retrying attempt 15/50 in 20 seconds...
Checking if Backend server is running...
Backend server is not running. Retrying attempt 16/50 in 20 seconds...
Checking if Backend server is running...
Backend server is not running. Retrying attempt 17/50 in 20 seconds...
Checking if Backend server is running...
Backend server is not running. Retrying attempt 18/50 in 20 seconds...
Checking if Backend server is running...
Backend server is not running. Retrying attempt 19/50 in 20 seconds...
Checking if Backend server is running...
Backend server is not running. Retrying attempt 20/50 in 20 seconds...
Checking if Backend server is running...
Backend server is not running. Retrying attempt 21/50 in 20 seconds...
Checking if Backend server is running...
Backend server is not running. Retrying attempt 22/50 in 20 seconds...
Checking if Backend server is running...
Backend server is not running. Retrying attempt 23/50 in 20 seconds...
Checking if Backend server is running...
Backend server is not running. Retrying attempt 24/50 in 20 seconds...
Checking if Backend server is running...
Backend server is not running. Retrying attempt 25/50 in 20 seconds...
Checking if Backend server is running...
Backend server is not running. Retrying attempt 26/50 in 20 seconds...
Checking if Backend server is running...
Backend server is not running. Retrying attempt 27/50 in 20 seconds...
Checking if Backend server is running...
Backend server is not running. Retrying attempt 28/50 in 20 seconds...
Checking if Backend server is running...
Backend server is not running. Retrying attempt 29/50 in 20 seconds...
Checking if Backend server is running...
Backend server is not running. Retrying attempt 30/50 in 20 seconds...
Checking if Backend server is running...
Backend server is not running. Retrying attempt 31/50 in 20 seconds...
Checking if Backend server is running...
Backend server is not running. Retrying attempt 32/50 in 20 seconds...
Checking if Backend server is running...
Backend server is not running. Retrying attempt 33/50 in 20 seconds...
Checking if Backend server is running...
Backend server is not running. Retrying attempt 34/50 in 20 seconds...
Checking if Backend server is running...
Backend server is not running. Retrying attempt 35/50 in 20 seconds...
Checking if Backend server is running...
Backend server is not running. Retrying attempt 36/50 in 20 seconds...
Checking if Backend server is running...
Backend server is not running. Retrying attempt 37/50 in 20 seconds...
Checking if Backend server is running...
Backend server is not running. Retrying attempt 38/50 in 20 seconds...
Checking if Backend server is running...
Backend server is not running. Retrying attempt 39/50 in 20 seconds...
Checking if Backend server is running...
Backend server is not running. Retrying attempt 40/50 in 20 seconds...
Checking if Backend server is running...
Backend server is not running. Retrying attempt 41/50 in 20 seconds...
Checking if Backend server is running...
Backend server is not running. Retrying attempt 42/50 in 20 seconds...
Checking if Backend server is running...
Backend server is not running. Retrying attempt 43/50 in 20 seconds...
Checking if Backend server is running...
Backend server is not running. Retrying attempt 44/50 in 20 seconds...
Checking if Backend server is running...
Backend server is not running. Retrying attempt 45/50 in 20 seconds...
Checking if Backend server is running...
Backend server is not running. Retrying attempt 46/50 in 20 seconds...
Checking if Backend server is running...
Backend server is not running. Retrying attempt 47/50 in 20 seconds...
Checking if Backend server is running...
Backend server is not running. Retrying attempt 48/50 in 20 seconds...
Checking if Backend server is running...
Backend server is not running. Retrying attempt 49/50 in 20 seconds...
Checking if Backend server is running...
Backend server is not running. Retrying attempt 50/50 in 20 seconds...
Checking if Backend server is running...
Checking if Temporal server is running...
Temporal server is running.
Instance: Connection {
  options: {
    address: 'localhost:7233',
    credentials: InsecureChannelCredentialsImpl {
      callCredentials: EmptyCallCredentials {}
    },
    channelArgs: {
      'grpc.keepalive_permit_without_calls': 1,
      'grpc.keepalive_time_ms': 30000,
      'grpc.keepalive_timeout_ms': 15000
    },
    interceptors: [ [Function (anonymous)] ],
    metadata: {
      'client-name': 'temporal-typescript',
      'client-version': '1.10.1'
    },
    connectTimeoutMs: 10000
  },
  client: ServiceClientImpl {
    Symbol(): [],
    Symbol(): [],
    Symbol(): undefined,
    Symbol(): ChannelImplementation { internalChannel: [InternalChannel] }
  },
  workflowService: Service {
    _listeners: {},
    rpcImpl: [Function (anonymous)],
    requestDelimited: false,
    responseDelimited: false,
    registerNamespace: [Function: registerNamespace],
    describeNamespace: [Function: describeNamespace],
    listNamespaces: [Function: listNamespaces],
    updateNamespace: [Function: updateNamespace],
    deprecateNamespace: [Function: deprecateNamespace],
    startWorkflowExecution: [Function: startWorkflowExecution],
    executeMultiOperation: [Function: executeMultiOperation],
    getWorkflowExecutionHistory: [Function: getWorkflowExecutionHistory],
    getWorkflowExecutionHistoryReverse: [Function: getWorkflowExecutionHistoryReverse],
    pollWorkflowTaskQueue: [Function: pollWorkflowTaskQueue],
    respondWorkflowTaskCompleted: [Function: respondWorkflowTaskCompleted],
    respondWorkflowTaskFailed: [Function: respondWorkflowTaskFailed],
    pollActivityTaskQueue: [Function: pollActivityTaskQueue],
    recordActivityTaskHeartbeat: [Function: recordActivityTaskHeartbeat],
    recordActivityTaskHeartbeatById: [Function: recordActivityTaskHeartbeatById],
    respondActivityTaskCompleted: [Function: respondActivityTaskCompleted],
    respondActivityTaskCompletedById: [Function: respondActivityTaskCompletedById],
    respondActivityTaskFailed: [Function: respondActivityTaskFailed],
    respondActivityTaskFailedById: [Function: respondActivityTaskFailedById],
    respondActivityTaskCanceled: [Function: respondActivityTaskCanceled],
    respondActivityTaskCanceledById: [Function: respondActivityTaskCanceledById],
    requestCancelWorkflowExecution: [Function: requestCancelWorkflowExecution],
    signalWorkflowExecution: [Function: signalWorkflowExecution],
    signalWithStartWorkflowExecution: [Function: signalWithStartWorkflowExecution],
    resetWorkflowExecution: [Function: resetWorkflowExecution],
    terminateWorkflowExecution: [Function: terminateWorkflowExecution],
    deleteWorkflowExecution: [Function: deleteWorkflowExecution],
    listOpenWorkflowExecutions: [Function: listOpenWorkflowExecutions],
    listClosedWorkflowExecutions: [Function: listClosedWorkflowExecutions],
    listWorkflowExecutions: [Function: listWorkflowExecutions],
    listArchivedWorkflowExecutions: [Function: listArchivedWorkflowExecutions],
    scanWorkflowExecutions: [Function: scanWorkflowExecutions],
    countWorkflowExecutions: [Function: countWorkflowExecutions],
    getSearchAttributes: [Function: getSearchAttributes],
    respondQueryTaskCompleted: [Function: respondQueryTaskCompleted],
    resetStickyTaskQueue: [Function: resetStickyTaskQueue],
    queryWorkflow: [Function: queryWorkflow],
    describeWorkflowExecution: [Function: describeWorkflowExecution],
    describeTaskQueue: [Function: describeTaskQueue],
    getClusterInfo: [Function: getClusterInfo],
    getSystemInfo: [Function: getSystemInfo],
    listTaskQueuePartitions: [Function: listTaskQueuePartitions],
    createSchedule: [Function: createSchedule],
    describeSchedule: [Function: describeSchedule],
    updateSchedule: [Function: updateSchedule],
    patchSchedule: [Function: patchSchedule],
    listScheduleMatchingTimes: [Function: listScheduleMatchingTimes],
    deleteSchedule: [Function: deleteSchedule],
    listSchedules: [Function: listSchedules],
    updateWorkerBuildIdCompatibility: [Function: updateWorkerBuildIdCompatibility],
    getWorkerBuildIdCompatibility: [Function: getWorkerBuildIdCompatibility],
    updateWorkerVersioningRules: [Function: updateWorkerVersioningRules],
    getWorkerVersioningRules: [Function: getWorkerVersioningRules],
    getWorkerTaskReachability: [Function: getWorkerTaskReachability],
    updateWorkflowExecution: [Function: updateWorkflowExecution],
    pollWorkflowExecutionUpdate: [Function: pollWorkflowExecutionUpdate],
    startBatchOperation: [Function: startBatchOperation],
    stopBatchOperation: [Function: stopBatchOperation],
    describeBatchOperation: [Function: describeBatchOperation],
    listBatchOperations: [Function: listBatchOperations],
    pollNexusTaskQueue: [Function: pollNexusTaskQueue],
    respondNexusTaskCompleted: [Function: respondNexusTaskCompleted],
    respondNexusTaskFailed: [Function: respondNexusTaskFailed]
  },
  operatorService: Service {
    _listeners: {},
    rpcImpl: [Function (anonymous)],
    requestDelimited: false,
    responseDelimited: false,
    addSearchAttributes: [Function: addSearchAttributes],
    removeSearchAttributes: [Function: removeSearchAttributes],
    listSearchAttributes: [Function: listSearchAttributes],
    deleteNamespace: [Function: deleteNamespace],
    addOrUpdateRemoteCluster: [Function: addOrUpdateRemoteCluster],
    removeRemoteCluster: [Function: removeRemoteCluster],
    listClusters: [Function: listClusters],
    getNexusEndpoint: [Function: getNexusEndpoint],
    createNexusEndpoint: [Function: createNexusEndpoint],
    updateNexusEndpoint: [Function: updateNexusEndpoint],
    deleteNexusEndpoint: [Function: deleteNexusEndpoint],
    listNexusEndpoints: [Function: listNexusEndpoints]
  },
  healthService: Service {
    _listeners: {},
    rpcImpl: [Function (anonymous)],
    requestDelimited: false,
    responseDelimited: false,
    check: [Function: check],
    watch: [Function: watch]
  },
  callContextStorage: AsyncLocalStorage {},
  apiKeyFnRef: {},
  connectPromise: Promise { undefined }
}
