2026-06-29T08:42:44.116Z	[34mINFO[0m	Starting schema setup	{"config": {"SchemaFilePath":"","InitialVersion":"0.0","Overwrite":false,"DisableVersioning":false}, "logging-call-at": "setuptask.go:58"}
2026-06-29T08:42:44.117Z	[35mDEBUG[0m	Setting up version tables	{"logging-call-at": "setuptask.go:68"}
2026-06-29T08:42:44.223Z	[35mDEBUG[0m	Setting initial schema version to 0.0	{"logging-call-at": "setuptask.go:119"}
2026-06-29T08:42:44.237Z	[35mDEBUG[0m	Updating schema update log	{"logging-call-at": "setuptask.go:124"}
2026-06-29T08:42:44.249Z	[34mINFO[0m	Schema setup complete	{"logging-call-at": "setuptask.go:132"}
2026-06-29T08:42:44.294Z	[34mINFO[0m	UpdateSchemeTask started	{"config": {"DBName":"","TargetVersion":"","SchemaDir":"/opt/temporal//temporal-1.22.7/schema/postgresql/v12/temporal/versioned","IsDryRun":false}, "logging-call-at": "updatetask.go:97"}
2026-06-29T08:42:44.298Z	[35mDEBUG[0m	Schema Dirs: [v1.0 v1.1 v1.2 v1.3 v1.4 v1.5 v1.6 v1.7 v1.8 v1.9 v1.10]	{"logging-call-at": "updatetask.go:195"}
2026-06-29T08:42:44.298Z	[34mINFO[0m	Processing schema file: /opt/temporal//temporal-1.22.7/schema/postgresql/v12/temporal/versioned/v1.0/schema.sql	{"logging-call-at": "updatetask.go:241"}
2026-06-29T08:42:44.298Z	[34mINFO[0m	Processing schema file: /opt/temporal//temporal-1.22.7/schema/postgresql/v12/temporal/versioned/v1.1/cluster_metadata.sql	{"logging-call-at": "updatetask.go:241"}
2026-06-29T08:42:44.299Z	[34mINFO[0m	Processing schema file: /opt/temporal//temporal-1.22.7/schema/postgresql/v12/temporal/versioned/v1.2/queue.sql	{"logging-call-at": "updatetask.go:241"}
2026-06-29T08:42:44.299Z	[34mINFO[0m	Processing schema file: /opt/temporal//temporal-1.22.7/schema/postgresql/v12/temporal/versioned/v1.3/visibility_tasks.sql	{"logging-call-at": "updatetask.go:241"}
2026-06-29T08:42:44.299Z	[34mINFO[0m	Processing schema file: /opt/temporal//temporal-1.22.7/schema/postgresql/v12/temporal/versioned/v1.4/cluster_metadata.sql	{"logging-call-at": "updatetask.go:241"}
2026-06-29T08:42:44.299Z	[34mINFO[0m	Processing schema file: /opt/temporal//temporal-1.22.7/schema/postgresql/v12/temporal/versioned/v1.5/event.sql	{"logging-call-at": "updatetask.go:241"}
2026-06-29T08:42:44.299Z	[34mINFO[0m	Processing schema file: /opt/temporal//temporal-1.22.7/schema/postgresql/v12/temporal/versioned/v1.5/executions.sql	{"logging-call-at": "updatetask.go:241"}
2026-06-29T08:42:44.299Z	[34mINFO[0m	Processing schema file: /opt/temporal//temporal-1.22.7/schema/postgresql/v12/temporal/versioned/v1.5/cluster_membership.sql	{"logging-call-at": "updatetask.go:241"}
2026-06-29T08:42:44.299Z	[34mINFO[0m	Processing schema file: /opt/temporal//temporal-1.22.7/schema/postgresql/v12/temporal/versioned/v1.6/queue_metadata.sql	{"logging-call-at": "updatetask.go:241"}
2026-06-29T08:42:44.299Z	[34mINFO[0m	Processing schema file: /opt/temporal//temporal-1.22.7/schema/postgresql/v12/temporal/versioned/v1.7/cluster_metadata_info.sql	{"logging-call-at": "updatetask.go:241"}
2026-06-29T08:42:44.299Z	[34mINFO[0m	Processing schema file: /opt/temporal//temporal-1.22.7/schema/postgresql/v12/temporal/versioned/v1.7/no_start_version.sql	{"logging-call-at": "updatetask.go:241"}
2026-06-29T08:42:44.299Z	[34mINFO[0m	Processing schema file: /opt/temporal//temporal-1.22.7/schema/postgresql/v12/temporal/versioned/v1.7/tiered_storage_tasks.sql	{"logging-call-at": "updatetask.go:241"}
2026-06-29T08:42:44.299Z	[34mINFO[0m	Processing schema file: /opt/temporal//temporal-1.22.7/schema/postgresql/v12/temporal/versioned/v1.8/drop_unused_tasks_table.sql	{"logging-call-at": "updatetask.go:241"}
2026-06-29T08:42:44.299Z	[34mINFO[0m	Processing schema file: /opt/temporal//temporal-1.22.7/schema/postgresql/v12/temporal/versioned/v1.8/alter_columns.sql	{"logging-call-at": "updatetask.go:241"}
2026-06-29T08:42:44.299Z	[34mINFO[0m	Processing schema file: /opt/temporal//temporal-1.22.7/schema/postgresql/v12/temporal/versioned/v1.9/history_tasks_table.sql	{"logging-call-at": "updatetask.go:241"}
2026-06-29T08:42:44.299Z	[34mINFO[0m	Processing schema file: /opt/temporal//temporal-1.22.7/schema/postgresql/v12/temporal/versioned/v1.10/task_queue_user_data.sql	{"logging-call-at": "updatetask.go:241"}
2026-06-29T08:42:44.299Z	[35mDEBUG[0m	running 11 updates for current version 0.0	{"logging-call-at": "updatetask.go:131"}
2026-06-29T08:42:44.299Z	[35mDEBUG[0m	---- Executing updates for version 1.0 ----	{"logging-call-at": "updatetask.go:150"}
2026-06-29T08:42:44.299Z	[35mDEBUG[0m	CREATE TABLE namespaces( partition_id INTEGER NOT NULL, id BYTEA NOT NULL, name VARCHAR(255) UNIQUE NOT NULL, notification_version BIGINT NOT NULL, data BYTEA NOT NULL, data_encoding VARCHAR(16) NOT NULL, is_global BOOLEAN NOT NULL, PRIMARY KEY(partition_id, id) );	{"logging-call-at": "updatetask.go:152"}
2026-06-29T08:42:44.378Z	[35mDEBUG[0m	CREATE TABLE namespace_metadata ( partition_id INTEGER NOT NULL, notification_version BIGINT NOT NULL, PRIMARY KEY(partition_id) );	{"logging-call-at": "updatetask.go:152"}
2026-06-29T08:42:44.399Z	[35mDEBUG[0m	INSERT INTO namespace_metadata (partition_id, notification_version) VALUES (54321, 1);	{"logging-call-at": "updatetask.go:152"}
2026-06-29T08:42:44.409Z	[35mDEBUG[0m	CREATE TABLE shards ( shard_id INTEGER NOT NULL, range_id BIGINT NOT NULL, data BYTEA NOT NULL, data_encoding VARCHAR(16) NOT NULL, PRIMARY KEY (shard_id) );	{"logging-call-at": "updatetask.go:152"}
2026-06-29T08:42:44.442Z	[35mDEBUG[0m	CREATE TABLE transfer_tasks( shard_id INTEGER NOT NULL, task_id BIGINT NOT NULL, data BYTEA NOT NULL, data_encoding VARCHAR(16) NOT NULL, PRIMARY KEY (shard_id, task_id) );	{"logging-call-at": "updatetask.go:152"}
2026-06-29T08:42:44.480Z	[35mDEBUG[0m	CREATE TABLE executions( shard_id INTEGER NOT NULL, namespace_id BYTEA NOT NULL, workflow_id VARCHAR(255) NOT NULL, run_id BYTEA NOT NULL, next_event_id BIGINT NOT NULL, last_write_version BIGINT NOT NULL, data BYTEA NOT NULL, data_encoding VARCHAR(16) NOT NULL, state BYTEA NOT NULL, state_encoding VARCHAR(16) NOT NULL, PRIMARY KEY (shard_id, namespace_id, workflow_id, run_id) );	{"logging-call-at": "updatetask.go:152"}
2026-06-29T08:42:44.516Z	[35mDEBUG[0m	CREATE TABLE current_executions( shard_id INTEGER NOT NULL, namespace_id BYTEA NOT NULL, workflow_id VARCHAR(255) NOT NULL, run_id BYTEA NOT NULL, create_request_id VARCHAR(64) NOT NULL, state INTEGER NOT NULL, status INTEGER NOT NULL, start_version BIGINT NOT NULL, last_write_version BIGINT NOT NULL, PRIMARY KEY (shard_id, namespace_id, workflow_id) );	{"logging-call-at": "updatetask.go:152"}
2026-06-29T08:42:44.559Z	[35mDEBUG[0m	CREATE TABLE buffered_events ( shard_id INTEGER NOT NULL, namespace_id BYTEA NOT NULL, workflow_id VARCHAR(255) NOT NULL, run_id BYTEA NOT NULL, id BIGSERIAL NOT NULL UNIQUE, data BYTEA NOT NULL, data_encoding VARCHAR(16) NOT NULL, PRIMARY KEY (shard_id, namespace_id, workflow_id, run_id, id) );	{"logging-call-at": "updatetask.go:152"}
2026-06-29T08:42:44.615Z	[35mDEBUG[0m	CREATE TABLE tasks ( range_hash BIGINT NOT NULL, task_queue_id BYTEA NOT NULL, task_id BIGINT NOT NULL, data BYTEA NOT NULL, data_encoding VARCHAR(16) NOT NULL, PRIMARY KEY (range_hash, task_queue_id, task_id) );	{"logging-call-at": "updatetask.go:152"}
2026-06-29T08:42:44.662Z	[35mDEBUG[0m	CREATE TABLE task_queues ( range_hash BIGINT NOT NULL, task_queue_id BYTEA NOT NULL, range_id BIGINT NOT NULL, data BYTEA NOT NULL, data_encoding VARCHAR(16) NOT NULL, PRIMARY KEY (range_hash, task_queue_id) );	{"logging-call-at": "updatetask.go:152"}
2026-06-29T08:42:44.700Z	[35mDEBUG[0m	CREATE TABLE replication_tasks ( shard_id INTEGER NOT NULL, task_id BIGINT NOT NULL, data BYTEA NOT NULL, data_encoding VARCHAR(16) NOT NULL, PRIMARY KEY (shard_id, task_id) );	{"logging-call-at": "updatetask.go:152"}
2026-06-29T08:42:44.739Z	[35mDEBUG[0m	CREATE TABLE replication_tasks_dlq ( source_cluster_name VARCHAR(255) NOT NULL, shard_id INTEGER NOT NULL, task_id BIGINT NOT NULL, data BYTEA NOT NULL, data_encoding VARCHAR(16) NOT NULL, PRIMARY KEY (source_cluster_name, shard_id, task_id) );	{"logging-call-at": "updatetask.go:152"}
2026-06-29T08:42:44.793Z	[35mDEBUG[0m	CREATE TABLE timer_tasks ( shard_id INTEGER NOT NULL, visibility_timestamp TIMESTAMP NOT NULL, task_id BIGINT NOT NULL, data BYTEA NOT NULL, data_encoding VARCHAR(16) NOT NULL, PRIMARY KEY (shard_id, visibility_timestamp, task_id) );	{"logging-call-at": "updatetask.go:152"}
2026-06-29T08:42:44.827Z	[35mDEBUG[0m	CREATE TABLE activity_info_maps ( shard_id INTEGER NOT NULL, namespace_id BYTEA NOT NULL, workflow_id VARCHAR(255) NOT NULL, run_id BYTEA NOT NULL, schedule_id BIGINT NOT NULL, data BYTEA NOT NULL, data_encoding VARCHAR(16), PRIMARY KEY (shard_id, namespace_id, workflow_id, run_id, schedule_id) );	{"logging-call-at": "updatetask.go:152"}
2026-06-29T08:42:44.860Z	[35mDEBUG[0m	CREATE TABLE timer_info_maps ( shard_id INTEGER NOT NULL, namespace_id BYTEA NOT NULL, workflow_id VARCHAR(255) NOT NULL, run_id BYTEA NOT NULL, timer_id VARCHAR(255) NOT NULL, data BYTEA NOT NULL, data_encoding VARCHAR(16), PRIMARY KEY (shard_id, namespace_id, workflow_id, run_id, timer_id) );	{"logging-call-at": "updatetask.go:152"}
2026-06-29T08:42:44.896Z	[35mDEBUG[0m	CREATE TABLE child_execution_info_maps ( shard_id INTEGER NOT NULL, namespace_id BYTEA NOT NULL, workflow_id VARCHAR(255) NOT NULL, run_id BYTEA NOT NULL, initiated_id BIGINT NOT NULL, data BYTEA NOT NULL, data_encoding VARCHAR(16), PRIMARY KEY (shard_id, namespace_id, workflow_id, run_id, initiated_id) );	{"logging-call-at": "updatetask.go:152"}
2026-06-29T08:42:44.941Z	[35mDEBUG[0m	CREATE TABLE request_cancel_info_maps ( shard_id INTEGER NOT NULL, namespace_id BYTEA NOT NULL, workflow_id VARCHAR(255) NOT NULL, run_id BYTEA NOT NULL, initiated_id BIGINT NOT NULL, data BYTEA NOT NULL, data_encoding VARCHAR(16), PRIMARY KEY (shard_id, namespace_id, workflow_id, run_id, initiated_id) );	{"logging-call-at": "updatetask.go:152"}
2026-06-29T08:42:44.978Z	[35mDEBUG[0m	CREATE TABLE signal_info_maps ( shard_id INTEGER NOT NULL, namespace_id BYTEA NOT NULL, workflow_id VARCHAR(255) NOT NULL, run_id BYTEA NOT NULL, initiated_id BIGINT NOT NULL, data BYTEA NOT NULL, data_encoding VARCHAR(16), PRIMARY KEY (shard_id, namespace_id, workflow_id, run_id, initiated_id) );	{"logging-call-at": "updatetask.go:152"}
2026-06-29T08:42:45.015Z	[35mDEBUG[0m	CREATE TABLE signals_requested_sets ( shard_id INTEGER NOT NULL, namespace_id BYTEA NOT NULL, workflow_id VARCHAR(255) NOT NULL, run_id BYTEA NOT NULL, signal_id VARCHAR(64) NOT NULL, PRIMARY KEY (shard_id, namespace_id, workflow_id, run_id, signal_id) );	{"logging-call-at": "updatetask.go:152"}
2026-06-29T08:42:45.057Z	[35mDEBUG[0m	CREATE TABLE history_node ( shard_id INTEGER NOT NULL, tree_id BYTEA NOT NULL, branch_id BYTEA NOT NULL, node_id BIGINT NOT NULL, txn_id BIGINT NOT NULL, data BYTEA NOT NULL, data_encoding VARCHAR(16) NOT NULL, PRIMARY KEY (shard_id, tree_id, branch_id, node_id, txn_id) );	{"logging-call-at": "updatetask.go:152"}
2026-06-29T08:42:45.093Z	[35mDEBUG[0m	CREATE TABLE history_tree ( shard_id INTEGER NOT NULL, tree_id BYTEA NOT NULL, branch_id BYTEA NOT NULL, data BYTEA NOT NULL, data_encoding VARCHAR(16) NOT NULL, PRIMARY KEY (shard_id, tree_id, branch_id) );	{"logging-call-at": "updatetask.go:152"}
2026-06-29T08:42:45.134Z	[35mDEBUG[0m	CREATE TABLE queue ( queue_type INTEGER NOT NULL, message_id BIGINT NOT NULL, message_payload BYTEA NOT NULL, PRIMARY KEY(queue_type, message_id) );	{"logging-call-at": "updatetask.go:152"}
2026-06-29T08:42:45.174Z	[35mDEBUG[0m	CREATE TABLE queue_metadata ( queue_type INTEGER NOT NULL, data BYTEA NOT NULL, PRIMARY KEY(queue_type) );	{"logging-call-at": "updatetask.go:152"}
2026-06-29T08:42:45.221Z	[35mDEBUG[0m	CREATE TABLE cluster_metadata ( metadata_partition INTEGER NOT NULL, immutable_data BYTEA NOT NULL, immutable_data_encoding VARCHAR(16) NOT NULL, PRIMARY KEY(metadata_partition) );	{"logging-call-at": "updatetask.go:152"}
2026-06-29T08:42:45.268Z	[35mDEBUG[0m	CREATE TABLE cluster_membership ( membership_partition INTEGER NOT NULL, host_id BYTEA NOT NULL, rpc_address VARCHAR(15) NOT NULL, rpc_port SMALLINT NOT NULL, role SMALLINT NOT NULL, session_start TIMESTAMP DEFAULT '1970-01-01 00:00:01+00:00', last_heartbeat TIMESTAMP DEFAULT '1970-01-01 00:00:01+00:00', record_expiry TIMESTAMP DEFAULT '1970-01-01 00:00:01+00:00', PRIMARY KEY (membership_partition, host_id) );	{"logging-call-at": "updatetask.go:152"}
2026-06-29T08:42:45.310Z	[35mDEBUG[0m	CREATE UNIQUE INDEX cm_idx_rolehost ON cluster_membership (role, host_id);	{"logging-call-at": "updatetask.go:152"}
2026-06-29T08:42:45.329Z	[35mDEBUG[0m	CREATE INDEX cm_idx_rolelasthb ON cluster_membership (role, last_heartbeat);	{"logging-call-at": "updatetask.go:152"}
2026-06-29T08:42:45.345Z	[35mDEBUG[0m	CREATE INDEX cm_idx_rpchost ON cluster_membership (rpc_address, role);	{"logging-call-at": "updatetask.go:152"}
2026-06-29T08:42:45.361Z	[35mDEBUG[0m	CREATE INDEX cm_idx_lasthb ON cluster_membership (last_heartbeat);	{"logging-call-at": "updatetask.go:152"}
2026-06-29T08:42:45.380Z	[35mDEBUG[0m	CREATE INDEX cm_idx_recordexpiry ON cluster_membership (record_expiry);	{"logging-call-at": "updatetask.go:152"}
2026-06-29T08:42:45.398Z	[35mDEBUG[0m	---- Done ----	{"logging-call-at": "updatetask.go:169"}
2026-06-29T08:42:45.409Z	[35mDEBUG[0m	Schema updated from 0.0 to 1.0	{"logging-call-at": "updatetask.go:142"}
2026-06-29T08:42:45.409Z	[35mDEBUG[0m	---- Executing updates for version 1.1 ----	{"logging-call-at": "updatetask.go:150"}
2026-06-29T08:42:45.409Z	[35mDEBUG[0m	ALTER TABLE cluster_metadata ADD data BYTEA NOT NULL DEFAULT '';	{"logging-call-at": "updatetask.go:152"}
2026-06-29T08:42:45.416Z	[35mDEBUG[0m	ALTER TABLE cluster_metadata ADD data_encoding VARCHAR(16) NOT NULL DEFAULT 'Proto3';	{"logging-call-at": "updatetask.go:152"}
2026-06-29T08:42:45.427Z	[35mDEBUG[0m	ALTER TABLE cluster_metadata ADD version BIGINT NOT NULL DEFAULT 1;	{"logging-call-at": "updatetask.go:152"}
2026-06-29T08:42:45.432Z	[35mDEBUG[0m	---- Done ----	{"logging-call-at": "updatetask.go:169"}
2026-06-29T08:42:45.443Z	[35mDEBUG[0m	Schema updated from 1.0 to 1.1	{"logging-call-at": "updatetask.go:142"}
2026-06-29T08:42:45.443Z	[35mDEBUG[0m	---- Executing updates for version 1.2 ----	{"logging-call-at": "updatetask.go:150"}
2026-06-29T08:42:45.443Z	[35mDEBUG[0m	ALTER TABLE queue ADD message_encoding VARCHAR(16) NOT NULL DEFAULT 'Json';	{"logging-call-at": "updatetask.go:152"}
2026-06-29T08:42:45.448Z	[35mDEBUG[0m	ALTER TABLE queue_metadata ADD data_encoding VARCHAR(16) NOT NULL DEFAULT 'Json';	{"logging-call-at": "updatetask.go:152"}
2026-06-29T08:42:45.453Z	[35mDEBUG[0m	---- Done ----	{"logging-call-at": "updatetask.go:169"}
2026-06-29T08:42:45.464Z	[35mDEBUG[0m	Schema updated from 1.1 to 1.2	{"logging-call-at": "updatetask.go:142"}
2026-06-29T08:42:45.464Z	[35mDEBUG[0m	---- Executing updates for version 1.3 ----	{"logging-call-at": "updatetask.go:150"}
2026-06-29T08:42:45.464Z	[35mDEBUG[0m	CREATE TABLE visibility_tasks( shard_id INTEGER NOT NULL, task_id BIGINT NOT NULL, data BYTEA NOT NULL, data_encoding VARCHAR(16) NOT NULL, PRIMARY KEY (shard_id, task_id) );	{"logging-call-at": "updatetask.go:152"}
2026-06-29T08:42:45.505Z	[35mDEBUG[0m	---- Done ----	{"logging-call-at": "updatetask.go:169"}
2026-06-29T08:42:45.518Z	[35mDEBUG[0m	Schema updated from 1.2 to 1.3	{"logging-call-at": "updatetask.go:142"}
2026-06-29T08:42:45.518Z	[35mDEBUG[0m	---- Executing updates for version 1.4 ----	{"logging-call-at": "updatetask.go:150"}
2026-06-29T08:42:45.518Z	[35mDEBUG[0m	ALTER TABLE cluster_metadata DROP immutable_data;	{"logging-call-at": "updatetask.go:152"}
2026-06-29T08:42:45.526Z	[35mDEBUG[0m	ALTER TABLE cluster_metadata DROP immutable_data_encoding;	{"logging-call-at": "updatetask.go:152"}
2026-06-29T08:42:45.532Z	[35mDEBUG[0m	---- Done ----	{"logging-call-at": "updatetask.go:169"}
2026-06-29T08:42:45.543Z	[35mDEBUG[0m	Schema updated from 1.3 to 1.4	{"logging-call-at": "updatetask.go:142"}
2026-06-29T08:42:45.543Z	[35mDEBUG[0m	---- Executing updates for version 1.5 ----	{"logging-call-at": "updatetask.go:150"}
2026-06-29T08:42:45.543Z	[35mDEBUG[0m	ALTER TABLE history_node ADD prev_txn_id BIGINT NOT NULL DEFAULT 0;	{"logging-call-at": "updatetask.go:152"}
2026-06-29T08:42:45.550Z	[35mDEBUG[0m	ALTER TABLE executions ADD db_record_version BIGINT NOT NULL DEFAULT 0;	{"logging-call-at": "updatetask.go:152"}
2026-06-29T08:42:45.556Z	[35mDEBUG[0m	ALTER TABLE cluster_membership ALTER COLUMN rpc_address TYPE VARCHAR(128);	{"logging-call-at": "updatetask.go:152"}
2026-06-29T08:42:45.564Z	[35mDEBUG[0m	---- Done ----	{"logging-call-at": "updatetask.go:169"}
2026-06-29T08:42:45.574Z	[35mDEBUG[0m	Schema updated from 1.4 to 1.5	{"logging-call-at": "updatetask.go:142"}
2026-06-29T08:42:45.574Z	[35mDEBUG[0m	---- Executing updates for version 1.6 ----	{"logging-call-at": "updatetask.go:150"}
2026-06-29T08:42:45.574Z	[35mDEBUG[0m	ALTER TABLE queue_metadata ADD version BIGINT NOT NULL DEFAULT 0;	{"logging-call-at": "updatetask.go:152"}
2026-06-29T08:42:45.579Z	[35mDEBUG[0m	---- Done ----	{"logging-call-at": "updatetask.go:169"}
2026-06-29T08:42:45.590Z	[35mDEBUG[0m	Schema updated from 1.5 to 1.6	{"logging-call-at": "updatetask.go:142"}
2026-06-29T08:42:45.590Z	[35mDEBUG[0m	---- Executing updates for version 1.7 ----	{"logging-call-at": "updatetask.go:150"}
2026-06-29T08:42:45.590Z	[35mDEBUG[0m	CREATE TABLE cluster_metadata_info ( metadata_partition INTEGER NOT NULL, cluster_name VARCHAR(255) NOT NULL, data BYTEA NOT NULL, data_encoding VARCHAR(16) NOT NULL, version BIGINT NOT NULL, PRIMARY KEY(metadata_partition, cluster_name) );	{"logging-call-at": "updatetask.go:152"}
2026-06-29T08:42:45.627Z	[35mDEBUG[0m	ALTER TABLE current_executions ALTER COLUMN start_version SET DEFAULT 0;	{"logging-call-at": "updatetask.go:152"}
2026-06-29T08:42:45.632Z	[35mDEBUG[0m	CREATE TABLE tiered_storage_tasks( shard_id INTEGER NOT NULL, task_id BIGINT NOT NULL, data BYTEA NOT NULL, data_encoding VARCHAR(16) NOT NULL, PRIMARY KEY (shard_id, task_id) );	{"logging-call-at": "updatetask.go:152"}
2026-06-29T08:42:45.667Z	[35mDEBUG[0m	---- Done ----	{"logging-call-at": "updatetask.go:169"}
2026-06-29T08:42:45.681Z	[35mDEBUG[0m	Schema updated from 1.6 to 1.7	{"logging-call-at": "updatetask.go:142"}
2026-06-29T08:42:45.681Z	[35mDEBUG[0m	---- Executing updates for version 1.8 ----	{"logging-call-at": "updatetask.go:150"}
2026-06-29T08:42:45.681Z	[35mDEBUG[0m	DROP TABLE tiered_storage_tasks;	{"logging-call-at": "updatetask.go:152"}
2026-06-29T08:42:45.697Z	[35mDEBUG[0m	ALTER TABLE current_executions ALTER COLUMN create_request_id TYPE VARCHAR(255);	{"logging-call-at": "updatetask.go:152"}
2026-06-29T08:42:45.701Z	[35mDEBUG[0m	ALTER TABLE signals_requested_sets ALTER COLUMN signal_id TYPE VARCHAR(255);	{"logging-call-at": "updatetask.go:152"}
2026-06-29T08:42:45.707Z	[35mDEBUG[0m	---- Done ----	{"logging-call-at": "updatetask.go:169"}
2026-06-29T08:42:45.717Z	[35mDEBUG[0m	Schema updated from 1.7 to 1.8	{"logging-call-at": "updatetask.go:142"}
2026-06-29T08:42:45.717Z	[35mDEBUG[0m	---- Executing updates for version 1.9 ----	{"logging-call-at": "updatetask.go:150"}
2026-06-29T08:42:45.717Z	[35mDEBUG[0m	CREATE TABLE history_immediate_tasks( shard_id INTEGER NOT NULL, category_id INTEGER NOT NULL, task_id BIGINT NOT NULL, data BYTEA NOT NULL, data_encoding VARCHAR(16) NOT NULL, PRIMARY KEY (shard_id, category_id, task_id) );	{"logging-call-at": "updatetask.go:152"}
2026-06-29T08:42:45.753Z	[35mDEBUG[0m	CREATE TABLE history_scheduled_tasks ( shard_id INTEGER NOT NULL, category_id INTEGER NOT NULL, visibility_timestamp TIMESTAMP NOT NULL, task_id BIGINT NOT NULL, data BYTEA NOT NULL, data_encoding VARCHAR(16) NOT NULL, PRIMARY KEY (shard_id, category_id, visibility_timestamp, task_id) );	{"logging-call-at": "updatetask.go:152"}
2026-06-29T08:42:45.789Z	[35mDEBUG[0m	---- Done ----	{"logging-call-at": "updatetask.go:169"}
2026-06-29T08:42:45.800Z	[35mDEBUG[0m	Schema updated from 1.8 to 1.9	{"logging-call-at": "updatetask.go:142"}
2026-06-29T08:42:45.800Z	[35mDEBUG[0m	---- Executing updates for version 1.10 ----	{"logging-call-at": "updatetask.go:150"}
2026-06-29T08:42:45.800Z	[35mDEBUG[0m	CREATE TABLE task_queue_user_data ( namespace_id BYTEA NOT NULL, task_queue_name VARCHAR(255) NOT NULL, data BYTEA NOT NULL, data_encoding VARCHAR(16) NOT NULL, version BIGINT NOT NULL, PRIMARY KEY (namespace_id, task_queue_name) );	{"logging-call-at": "updatetask.go:152"}
2026-06-29T08:42:45.843Z	[35mDEBUG[0m	CREATE TABLE build_id_to_task_queue ( namespace_id BYTEA NOT NULL, build_id VARCHAR(255) NOT NULL, task_queue_name VARCHAR(255) NOT NULL, PRIMARY KEY (namespace_id, build_id, task_queue_name) );	{"logging-call-at": "updatetask.go:152"}
2026-06-29T08:42:45.890Z	[35mDEBUG[0m	---- Done ----	{"logging-call-at": "updatetask.go:169"}
2026-06-29T08:42:45.901Z	[35mDEBUG[0m	Schema updated from 1.9 to 1.10	{"logging-call-at": "updatetask.go:142"}
2026-06-29T08:42:45.901Z	[34mINFO[0m	UpdateSchemeTask done	{"logging-call-at": "updatetask.go:120"}
2026-06-29T08:42:46.131Z	[34mINFO[0m	Starting schema setup	{"config": {"SchemaFilePath":"","InitialVersion":"0.0","Overwrite":false,"DisableVersioning":false}, "logging-call-at": "setuptask.go:58"}
2026-06-29T08:42:46.131Z	[35mDEBUG[0m	Setting up version tables	{"logging-call-at": "setuptask.go:68"}
2026-06-29T08:42:46.185Z	[35mDEBUG[0m	Setting initial schema version to 0.0	{"logging-call-at": "setuptask.go:119"}
2026-06-29T08:42:46.193Z	[35mDEBUG[0m	Updating schema update log	{"logging-call-at": "setuptask.go:124"}
2026-06-29T08:42:46.204Z	[34mINFO[0m	Schema setup complete	{"logging-call-at": "setuptask.go:132"}
2026-06-29T08:42:46.247Z	[34mINFO[0m	UpdateSchemeTask started	{"config": {"DBName":"","TargetVersion":"","SchemaDir":"/opt/temporal//temporal-1.22.7/schema/postgresql/v12/visibility/versioned","IsDryRun":false}, "logging-call-at": "updatetask.go:97"}
2026-06-29T08:42:46.250Z	[35mDEBUG[0m	Schema Dirs: [v1.0 v1.1 v1.2 v1.3]	{"logging-call-at": "updatetask.go:195"}
2026-06-29T08:42:46.250Z	[34mINFO[0m	Processing schema file: /opt/temporal//temporal-1.22.7/schema/postgresql/v12/visibility/versioned/v1.0/schema.sql	{"logging-call-at": "updatetask.go:241"}
2026-06-29T08:42:46.250Z	[34mINFO[0m	Processing schema file: /opt/temporal//temporal-1.22.7/schema/postgresql/v12/visibility/versioned/v1.1/index.sql	{"logging-call-at": "updatetask.go:241"}
2026-06-29T08:42:46.250Z	[34mINFO[0m	Processing schema file: /opt/temporal//temporal-1.22.7/schema/postgresql/v12/visibility/versioned/v1.2/advanced_visibility.sql	{"logging-call-at": "updatetask.go:241"}
2026-06-29T08:42:46.250Z	[34mINFO[0m	Processing schema file: /opt/temporal//temporal-1.22.7/schema/postgresql/v12/visibility/versioned/v1.3/add_history_size_bytes.sql	{"logging-call-at": "updatetask.go:241"}
2026-06-29T08:42:46.250Z	[34mINFO[0m	Processing schema file: /opt/temporal//temporal-1.22.7/schema/postgresql/v12/visibility/versioned/v1.3/add_build_ids_search_attribute.sql	{"logging-call-at": "updatetask.go:241"}
2026-06-29T08:42:46.250Z	[35mDEBUG[0m	running 4 updates for current version 0.0	{"logging-call-at": "updatetask.go:131"}
2026-06-29T08:42:46.250Z	[35mDEBUG[0m	---- Executing updates for version 1.0 ----	{"logging-call-at": "updatetask.go:150"}
2026-06-29T08:42:46.250Z	[35mDEBUG[0m	CREATE TABLE executions_visibility ( namespace_id CHAR(64) NOT NULL, run_id CHAR(64) NOT NULL, start_time TIMESTAMP NOT NULL, execution_time TIMESTAMP NOT NULL, workflow_id VARCHAR(255) NOT NULL, workflow_type_name VARCHAR(255) NOT NULL, status INTEGER NOT NULL, close_time TIMESTAMP NULL, history_length BIGINT, memo BYTEA, encoding VARCHAR(64) NOT NULL, task_queue VARCHAR(255) DEFAULT '' NOT NULL, PRIMARY KEY (namespace_id, run_id) );	{"logging-call-at": "updatetask.go:152"}
2026-06-29T08:42:46.297Z	[35mDEBUG[0m	CREATE INDEX by_type_start_time ON executions_visibility (namespace_id, workflow_type_name, status, start_time DESC, run_id);	{"logging-call-at": "updatetask.go:152"}
2026-06-29T08:42:46.320Z	[35mDEBUG[0m	CREATE INDEX by_workflow_id_start_time ON executions_visibility (namespace_id, workflow_id, status, start_time DESC, run_id);	{"logging-call-at": "updatetask.go:152"}
2026-06-29T08:42:46.337Z	[35mDEBUG[0m	CREATE INDEX by_status_by_start_time ON executions_visibility (namespace_id, status, start_time DESC, run_id);	{"logging-call-at": "updatetask.go:152"}
2026-06-29T08:42:46.356Z	[35mDEBUG[0m	CREATE INDEX by_type_close_time ON executions_visibility (namespace_id, workflow_type_name, status, close_time DESC, run_id);	{"logging-call-at": "updatetask.go:152"}
2026-06-29T08:42:46.374Z	[35mDEBUG[0m	CREATE INDEX by_workflow_id_close_time ON executions_visibility (namespace_id, workflow_id, status, close_time DESC, run_id);	{"logging-call-at": "updatetask.go:152"}
2026-06-29T08:42:46.393Z	[35mDEBUG[0m	CREATE INDEX by_status_by_close_time ON executions_visibility (namespace_id, status, close_time DESC, run_id);	{"logging-call-at": "updatetask.go:152"}
2026-06-29T08:42:46.411Z	[35mDEBUG[0m	---- Done ----	{"logging-call-at": "updatetask.go:169"}
2026-06-29T08:42:46.424Z	[35mDEBUG[0m	Schema updated from 0.0 to 1.0	{"logging-call-at": "updatetask.go:142"}
2026-06-29T08:42:46.424Z	[35mDEBUG[0m	---- Executing updates for version 1.1 ----	{"logging-call-at": "updatetask.go:150"}
2026-06-29T08:42:46.424Z	[35mDEBUG[0m	CREATE INDEX by_close_time_by_status ON executions_visibility (namespace_id, close_time DESC, run_id, status);	{"logging-call-at": "updatetask.go:152"}
2026-06-29T08:42:46.444Z	[35mDEBUG[0m	---- Done ----	{"logging-call-at": "updatetask.go:169"}
2026-06-29T08:42:46.455Z	[35mDEBUG[0m	Schema updated from 1.0 to 1.1	{"logging-call-at": "updatetask.go:142"}
2026-06-29T08:42:46.455Z	[35mDEBUG[0m	---- Executing updates for version 1.2 ----	{"logging-call-at": "updatetask.go:150"}
2026-06-29T08:42:46.455Z	[35mDEBUG[0m	CREATE EXTENSION IF NOT EXISTS btree_gin;	{"logging-call-at": "updatetask.go:152"}
2026-06-29T08:42:46.455Z	[35mDEBUG[0m	CREATE FUNCTION convert_ts(s VARCHAR) RETURNS TIMESTAMP AS $$ BEGIN RETURN s::timestamptz at time zone 'UTC'; END $$ LANGUAGE plpgsql IMMUTABLE RETURNS NULL ON NULL INPUT;	{"logging-call-at": "updatetask.go:152"}
2026-06-29T08:42:46.464Z	[35mDEBUG[0m	ALTER TABLE executions_visibility ADD COLUMN search_attributes JSONB NULL;	{"logging-call-at": "updatetask.go:152"}
2026-06-29T08:42:46.470Z	[35mDEBUG[0m	ALTER TABLE executions_visibility ADD COLUMN TemporalChangeVersion JSONB GENERATED ALWAYS AS (search_attributes->'TemporalChangeVersion') STORED, ADD COLUMN BinaryChecksums JSONB GENERATED ALWAYS AS (search_attributes->'BinaryChecksums') STORED, ADD COLUMN BatcherUser VARCHAR(255) GENERATED ALWAYS AS (search_attributes->>'BatcherUser') STORED, ADD COLUMN TemporalScheduledStartTime TIMESTAMP GENERATED ALWAYS AS (convert_ts(search_attributes->>'TemporalScheduledStartTime')) STORED, ADD COLUMN TemporalScheduledById VARCHAR(255) GENERATED ALWAYS AS (search_attributes->>'TemporalScheduledById') STORED, ADD COLUMN TemporalSchedulePaused BOOLEAN GENERATED ALWAYS AS ((search_attributes->'TemporalSchedulePaused')::boolean) STORED, ADD COLUMN TemporalNamespaceDivision VARCHAR(255) GENERATED ALWAYS AS (search_attributes->>'TemporalNamespaceDivision') STORED;	{"logging-call-at": "updatetask.go:152"}
2026-06-29T08:42:46.711Z	[35mDEBUG[0m	ALTER TABLE executions_visibility ADD COLUMN Bool01 BOOLEAN GENERATED ALWAYS AS ((search_attributes->'Bool01')::boolean) STORED, ADD COLUMN Bool02 BOOLEAN GENERATED ALWAYS AS ((search_attributes->'Bool02')::boolean) STORED, ADD COLUMN Bool03 BOOLEAN GENERATED ALWAYS AS ((search_attributes->'Bool03')::boolean) STORED, ADD COLUMN Datetime01 TIMESTAMP GENERATED ALWAYS AS (convert_ts(search_attributes->>'Datetime01')) STORED, ADD COLUMN Datetime02 TIMESTAMP GENERATED ALWAYS AS (convert_ts(search_attributes->>'Datetime02')) STORED, ADD COLUMN Datetime03 TIMESTAMP GENERATED ALWAYS AS (convert_ts(search_attributes->>'Datetime03')) STORED, ADD COLUMN Double01 DECIMAL(20, 5) GENERATED ALWAYS AS ((search_attributes->'Double01')::decimal) STORED, ADD COLUMN Double02 DECIMAL(20, 5) GENERATED ALWAYS AS ((search_attributes->'Double02')::decimal) STORED, ADD COLUMN Double03 DECIMAL(20, 5) GENERATED ALWAYS AS ((search_attributes->'Double03')::decimal) STORED, ADD COLUMN Int01 BIGINT GENERATED ALWAYS AS ((search_attributes->'Int01')::bigint) STORED, ADD COLUMN Int02 BIGINT GENERATED ALWAYS AS ((search_attributes->'Int02')::bigint) STORED, ADD COLUMN Int03 BIGINT GENERATED ALWAYS AS ((search_attributes->'Int03')::bigint) STORED, ADD COLUMN Keyword01 VARCHAR(255) GENERATED ALWAYS AS (search_attributes->>'Keyword01') STORED, ADD COLUMN Keyword02 VARCHAR(255) GENERATED ALWAYS AS (search_attributes->>'Keyword02') STORED, ADD COLUMN Keyword03 VARCHAR(255) GENERATED ALWAYS AS (search_attributes->>'Keyword03') STORED, ADD COLUMN Keyword04 VARCHAR(255) GENERATED ALWAYS AS (search_attributes->>'Keyword04') STORED, ADD COLUMN Keyword05 VARCHAR(255) GENERATED ALWAYS AS (search_attributes->>'Keyword05') STORED, ADD COLUMN Keyword06 VARCHAR(255) GENERATED ALWAYS AS (search_attributes->>'Keyword06') STORED, ADD COLUMN Keyword07 VARCHAR(255) GENERATED ALWAYS AS (search_attributes->>'Keyword07') STORED, ADD COLUMN Keyword08 VARCHAR(255) GENERATED ALWAYS AS (search_attributes->>'Keyword08') STORED, ADD COLUMN Keyword09 VARCHAR(255) GENERATED ALWAYS AS (search_attributes->>'Keyword09') STORED, ADD COLUMN Keyword10 VARCHAR(255) GENERATED ALWAYS AS (search_attributes->>'Keyword10') STORED, ADD COLUMN Text01 TSVECTOR GENERATED ALWAYS AS ((search_attributes->>'Text01')::tsvector) STORED, ADD COLUMN Text02 TSVECTOR GENERATED ALWAYS AS ((search_attributes->>'Text02')::tsvector) STORED, ADD COLUMN Text03 TSVECTOR GENERATED ALWAYS AS ((search_attributes->>'Text03')::tsvector) STORED, ADD COLUMN KeywordList01 JSONB GENERATED ALWAYS AS (search_attributes->'KeywordList01') STORED, ADD COLUMN KeywordList02 JSONB GENERATED ALWAYS AS (search_attributes->'KeywordList02') STORED, ADD COLUMN KeywordList03 JSONB GENERATED ALWAYS AS (search_attributes->'KeywordList03') STORED;	{"logging-call-at": "updatetask.go:152"}
2026-06-29T08:42:46.899Z	[35mDEBUG[0m	DROP INDEX by_type_start_time;	{"logging-call-at": "updatetask.go:152"}
2026-06-29T08:42:46.908Z	[35mDEBUG[0m	DROP INDEX by_workflow_id_start_time;	{"logging-call-at": "updatetask.go:152"}
2026-06-29T08:42:46.917Z	[35mDEBUG[0m	DROP INDEX by_status_by_start_time;	{"logging-call-at": "updatetask.go:152"}
2026-06-29T08:42:46.930Z	[35mDEBUG[0m	DROP INDEX by_type_close_time;	{"logging-call-at": "updatetask.go:152"}
2026-06-29T08:42:46.941Z	[35mDEBUG[0m	DROP INDEX by_workflow_id_close_time;	{"logging-call-at": "updatetask.go:152"}
2026-06-29T08:42:46.950Z	[35mDEBUG[0m	DROP INDEX by_status_by_close_time;	{"logging-call-at": "updatetask.go:152"}
2026-06-29T08:42:46.959Z	[35mDEBUG[0m	DROP INDEX by_close_time_by_status;	{"logging-call-at": "updatetask.go:152"}
2026-06-29T08:42:46.968Z	[35mDEBUG[0m	CREATE INDEX default_idx ON executions_visibility (namespace_id, (COALESCE(close_time, '9999-12-31 23:59:59')) DESC, start_time DESC, run_id);	{"logging-call-at": "updatetask.go:152"}
2026-06-29T08:42:46.985Z	[35mDEBUG[0m	CREATE INDEX by_execution_time ON executions_visibility (namespace_id, execution_time, (COALESCE(close_time, '9999-12-31 23:59:59')) DESC, start_time DESC, run_id);	{"logging-call-at": "updatetask.go:152"}
2026-06-29T08:42:47.004Z	[35mDEBUG[0m	CREATE INDEX by_workflow_id ON executions_visibility (namespace_id, workflow_id, (COALESCE(close_time, '9999-12-31 23:59:59')) DESC, start_time DESC, run_id);	{"logging-call-at": "updatetask.go:152"}
2026-06-29T08:42:47.028Z	[35mDEBUG[0m	CREATE INDEX by_workflow_type ON executions_visibility (namespace_id, workflow_type_name, (COALESCE(close_time, '9999-12-31 23:59:59')) DESC, start_time DESC, run_id);	{"logging-call-at": "updatetask.go:152"}
2026-06-29T08:42:47.056Z	[35mDEBUG[0m	CREATE INDEX by_status ON executions_visibility (namespace_id, status, (COALESCE(close_time, '9999-12-31 23:59:59')) DESC, start_time DESC, run_id);	{"logging-call-at": "updatetask.go:152"}
2026-06-29T08:42:47.076Z	[35mDEBUG[0m	CREATE INDEX by_history_length ON executions_visibility (namespace_id, history_length, (COALESCE(close_time, '9999-12-31 23:59:59')) DESC, start_time DESC, run_id);	{"logging-call-at": "updatetask.go:152"}
2026-06-29T08:42:47.095Z	[35mDEBUG[0m	CREATE INDEX by_task_queue ON executions_visibility (namespace_id, task_queue, (COALESCE(close_time, '9999-12-31 23:59:59')) DESC, start_time DESC, run_id);	{"logging-call-at": "updatetask.go:152"}
2026-06-29T08:42:47.114Z	[35mDEBUG[0m	CREATE INDEX by_temporal_change_version ON executions_visibility USING GIN (namespace_id, TemporalChangeVersion jsonb_path_ops);	{"logging-call-at": "updatetask.go:152"}
2026-06-29T08:42:47.129Z	[35mDEBUG[0m	CREATE INDEX by_binary_checksums ON executions_visibility USING GIN (namespace_id, BinaryChecksums jsonb_path_ops);	{"logging-call-at": "updatetask.go:152"}
2026-06-29T08:42:47.144Z	[35mDEBUG[0m	CREATE INDEX by_batcher_user ON executions_visibility (namespace_id, BatcherUser, (COALESCE(close_time, '9999-12-31 23:59:59')) DESC, start_time DESC, run_id);	{"logging-call-at": "updatetask.go:152"}
2026-06-29T08:42:47.163Z	[35mDEBUG[0m	CREATE INDEX by_temporal_scheduled_start_time ON executions_visibility (namespace_id, TemporalScheduledStartTime, (COALESCE(close_time, '9999-12-31 23:59:59')) DESC, start_time DESC, run_id);	{"logging-call-at": "updatetask.go:152"}
2026-06-29T08:42:47.184Z	[35mDEBUG[0m	CREATE INDEX by_temporal_scheduled_by_id ON executions_visibility (namespace_id, TemporalScheduledById, (COALESCE(close_time, '9999-12-31 23:59:59')) DESC, start_time DESC, run_id);	{"logging-call-at": "updatetask.go:152"}
2026-06-29T08:42:47.201Z	[35mDEBUG[0m	CREATE INDEX by_temporal_schedule_paused ON executions_visibility (namespace_id, TemporalSchedulePaused, (COALESCE(close_time, '9999-12-31 23:59:59')) DESC, start_time DESC, run_id);	{"logging-call-at": "updatetask.go:152"}
2026-06-29T08:42:47.220Z	[35mDEBUG[0m	CREATE INDEX by_temporal_namespace_division ON executions_visibility (namespace_id, TemporalNamespaceDivision, (COALESCE(close_time, '9999-12-31 23:59:59')) DESC, start_time DESC, run_id);	{"logging-call-at": "updatetask.go:152"}
2026-06-29T08:42:47.240Z	[35mDEBUG[0m	CREATE INDEX by_bool_01 ON executions_visibility (namespace_id, Bool01, (COALESCE(close_time, '9999-12-31 23:59:59')) DESC, start_time DESC, run_id);	{"logging-call-at": "updatetask.go:152"}
2026-06-29T08:42:47.258Z	[35mDEBUG[0m	CREATE INDEX by_bool_02 ON executions_visibility (namespace_id, Bool02, (COALESCE(close_time, '9999-12-31 23:59:59')) DESC, start_time DESC, run_id);	{"logging-call-at": "updatetask.go:152"}
2026-06-29T08:42:47.274Z	[35mDEBUG[0m	CREATE INDEX by_bool_03 ON executions_visibility (namespace_id, Bool03, (COALESCE(close_time, '9999-12-31 23:59:59')) DESC, start_time DESC, run_id);	{"logging-call-at": "updatetask.go:152"}
2026-06-29T08:42:47.292Z	[35mDEBUG[0m	CREATE INDEX by_datetime_01 ON executions_visibility (namespace_id, Datetime01, (COALESCE(close_time, '9999-12-31 23:59:59')) DESC, start_time DESC, run_id);	{"logging-call-at": "updatetask.go:152"}
2026-06-29T08:42:47.308Z	[35mDEBUG[0m	CREATE INDEX by_datetime_02 ON executions_visibility (namespace_id, Datetime02, (COALESCE(close_time, '9999-12-31 23:59:59')) DESC, start_time DESC, run_id);	{"logging-call-at": "updatetask.go:152"}
2026-06-29T08:42:47.324Z	[35mDEBUG[0m	CREATE INDEX by_datetime_03 ON executions_visibility (namespace_id, Datetime03, (COALESCE(close_time, '9999-12-31 23:59:59')) DESC, start_time DESC, run_id);	{"logging-call-at": "updatetask.go:152"}
2026-06-29T08:42:47.344Z	[35mDEBUG[0m	CREATE INDEX by_double_01 ON executions_visibility (namespace_id, Double01, (COALESCE(close_time, '9999-12-31 23:59:59')) DESC, start_time DESC, run_id);	{"logging-call-at": "updatetask.go:152"}
2026-06-29T08:42:47.359Z	[35mDEBUG[0m	CREATE INDEX by_double_02 ON executions_visibility (namespace_id, Double02, (COALESCE(close_time, '9999-12-31 23:59:59')) DESC, start_time DESC, run_id);	{"logging-call-at": "updatetask.go:152"}
2026-06-29T08:42:47.377Z	[35mDEBUG[0m	CREATE INDEX by_double_03 ON executions_visibility (namespace_id, Double03, (COALESCE(close_time, '9999-12-31 23:59:59')) DESC, start_time DESC, run_id);	{"logging-call-at": "updatetask.go:152"}
2026-06-29T08:42:47.394Z	[35mDEBUG[0m	CREATE INDEX by_int_01 ON executions_visibility (namespace_id, Int01, (COALESCE(close_time, '9999-12-31 23:59:59')) DESC, start_time DESC, run_id);	{"logging-call-at": "updatetask.go:152"}
2026-06-29T08:42:47.413Z	[35mDEBUG[0m	CREATE INDEX by_int_02 ON executions_visibility (namespace_id, Int02, (COALESCE(close_time, '9999-12-31 23:59:59')) DESC, start_time DESC, run_id);	{"logging-call-at": "updatetask.go:152"}
2026-06-29T08:42:47.431Z	[35mDEBUG[0m	CREATE INDEX by_int_03 ON executions_visibility (namespace_id, Int03, (COALESCE(close_time, '9999-12-31 23:59:59')) DESC, start_time DESC, run_id);	{"logging-call-at": "updatetask.go:152"}
2026-06-29T08:42:47.448Z	[35mDEBUG[0m	CREATE INDEX by_keyword_01 ON executions_visibility (namespace_id, Keyword01, (COALESCE(close_time, '9999-12-31 23:59:59')) DESC, start_time DESC, run_id);	{"logging-call-at": "updatetask.go:152"}
2026-06-29T08:42:47.465Z	[35mDEBUG[0m	CREATE INDEX by_keyword_02 ON executions_visibility (namespace_id, Keyword02, (COALESCE(close_time, '9999-12-31 23:59:59')) DESC, start_time DESC, run_id);	{"logging-call-at": "updatetask.go:152"}
2026-06-29T08:42:47.481Z	[35mDEBUG[0m	CREATE INDEX by_keyword_03 ON executions_visibility (namespace_id, Keyword03, (COALESCE(close_time, '9999-12-31 23:59:59')) DESC, start_time DESC, run_id);	{"logging-call-at": "updatetask.go:152"}
2026-06-29T08:42:47.496Z	[35mDEBUG[0m	CREATE INDEX by_keyword_04 ON executions_visibility (namespace_id, Keyword04, (COALESCE(close_time, '9999-12-31 23:59:59')) DESC, start_time DESC, run_id);	{"logging-call-at": "updatetask.go:152"}
2026-06-29T08:42:47.512Z	[35mDEBUG[0m	CREATE INDEX by_keyword_05 ON executions_visibility (namespace_id, Keyword05, (COALESCE(close_time, '9999-12-31 23:59:59')) DESC, start_time DESC, run_id);	{"logging-call-at": "updatetask.go:152"}
2026-06-29T08:42:47.531Z	[35mDEBUG[0m	CREATE INDEX by_keyword_06 ON executions_visibility (namespace_id, Keyword06, (COALESCE(close_time, '9999-12-31 23:59:59')) DESC, start_time DESC, run_id);	{"logging-call-at": "updatetask.go:152"}
2026-06-29T08:42:47.550Z	[35mDEBUG[0m	CREATE INDEX by_keyword_07 ON executions_visibility (namespace_id, Keyword07, (COALESCE(close_time, '9999-12-31 23:59:59')) DESC, start_time DESC, run_id);	{"logging-call-at": "updatetask.go:152"}
2026-06-29T08:42:47.568Z	[35mDEBUG[0m	CREATE INDEX by_keyword_08 ON executions_visibility (namespace_id, Keyword08, (COALESCE(close_time, '9999-12-31 23:59:59')) DESC, start_time DESC, run_id);	{"logging-call-at": "updatetask.go:152"}
2026-06-29T08:42:47.587Z	[35mDEBUG[0m	CREATE INDEX by_keyword_09 ON executions_visibility (namespace_id, Keyword09, (COALESCE(close_time, '9999-12-31 23:59:59')) DESC, start_time DESC, run_id);	{"logging-call-at": "updatetask.go:152"}
2026-06-29T08:42:47.604Z	[35mDEBUG[0m	CREATE INDEX by_keyword_10 ON executions_visibility (namespace_id, Keyword10, (COALESCE(close_time, '9999-12-31 23:59:59')) DESC, start_time DESC, run_id);	{"logging-call-at": "updatetask.go:152"}
2026-06-29T08:42:47.623Z	[35mDEBUG[0m	CREATE INDEX by_text_01 ON executions_visibility USING GIN (namespace_id, Text01);	{"logging-call-at": "updatetask.go:152"}
2026-06-29T08:42:47.636Z	[35mDEBUG[0m	CREATE INDEX by_text_02 ON executions_visibility USING GIN (namespace_id, Text02);	{"logging-call-at": "updatetask.go:152"}
2026-06-29T08:42:47.651Z	[35mDEBUG[0m	CREATE INDEX by_text_03 ON executions_visibility USING GIN (namespace_id, Text03);	{"logging-call-at": "updatetask.go:152"}
2026-06-29T08:42:47.665Z	[35mDEBUG[0m	CREATE INDEX by_keyword_list_01 ON executions_visibility USING GIN (namespace_id, KeywordList01 jsonb_path_ops);	{"logging-call-at": "updatetask.go:152"}
2026-06-29T08:42:47.679Z	[35mDEBUG[0m	CREATE INDEX by_keyword_list_02 ON executions_visibility USING GIN (namespace_id, KeywordList02 jsonb_path_ops);	{"logging-call-at": "updatetask.go:152"}
2026-06-29T08:42:47.692Z	[35mDEBUG[0m	CREATE INDEX by_keyword_list_03 ON executions_visibility USING GIN (namespace_id, KeywordList03 jsonb_path_ops);	{"logging-call-at": "updatetask.go:152"}
2026-06-29T08:42:47.707Z	[35mDEBUG[0m	---- Done ----	{"logging-call-at": "updatetask.go:169"}
2026-06-29T08:42:47.718Z	[35mDEBUG[0m	Schema updated from 1.1 to 1.2	{"logging-call-at": "updatetask.go:142"}
2026-06-29T08:42:47.718Z	[35mDEBUG[0m	---- Executing updates for version 1.3 ----	{"logging-call-at": "updatetask.go:150"}
2026-06-29T08:42:47.718Z	[35mDEBUG[0m	ALTER TABLE executions_visibility ADD COLUMN history_size_bytes BIGINT NULL;	{"logging-call-at": "updatetask.go:152"}
2026-06-29T08:42:47.726Z	[35mDEBUG[0m	CREATE INDEX by_history_size_bytes ON executions_visibility (namespace_id, history_size_bytes, (COALESCE(close_time, '9999-12-31 23:59:59')) DESC, start_time DESC, run_id);	{"logging-call-at": "updatetask.go:152"}
2026-06-29T08:42:47.748Z	[35mDEBUG[0m	ALTER TABLE executions_visibility ADD COLUMN BuildIds JSONB GENERATED ALWAYS AS (search_attributes->'BuildIds') STORED;	{"logging-call-at": "updatetask.go:152"}
2026-06-29T08:42:48.490Z	[35mDEBUG[0m	CREATE INDEX by_build_ids ON executions_visibility USING GIN (namespace_id, BuildIds jsonb_path_ops);	{"logging-call-at": "updatetask.go:152"}
2026-06-29T08:42:48.506Z	[35mDEBUG[0m	---- Done ----	{"logging-call-at": "updatetask.go:169"}
2026-06-29T08:42:48.522Z	[35mDEBUG[0m	Schema updated from 1.2 to 1.3	{"logging-call-at": "updatetask.go:142"}
2026-06-29T08:42:48.522Z	[34mINFO[0m	UpdateSchemeTask done	{"logging-call-at": "updatetask.go:120"}
2026/06/29 08:42:48 Loading config; env=development-postgres,zone=,configDir=/tmp/appsmith/temporal/config
2026/06/29 08:42:48 Loading config files=[/tmp/appsmith/temporal/config/development-postgres.yaml]
2026/08/22 18:41:51 Loading config; env=development-postgres,zone=,configDir=/tmp/appsmith/temporal/config
2026/08/22 18:41:51 Loading config files=[/tmp/appsmith/temporal/config/development-postgres.yaml]
