APPSMITH_GIT_ROOT: /appsmith-stacks/git-storage
{"level":"info","ts":1782722553.0706067,"msg":"using config from file","file":"/tmp/appsmith/Caddyfile"}
{"level":"info","ts":1782722553.0724506,"msg":"adapted config to JSON","adapter":"caddyfile"}
{"level":"info","ts":1782722553.0988321,"msg":"maxprocs: Leaving GOMAXPROCS=20: CPU quota undefined"}
{"level":"info","ts":1782722553.0988543,"msg":"GOMEMLIMIT is updated","GOMEMLIMIT":14951013580,"previous":9223372036854775807}
{"level":"info","ts":1782722553.0988572,"msg":"using config from file","file":"/tmp/appsmith/Caddyfile"}
{"level":"info","ts":1782722553.0988586,"msg":"adapted config to JSON","adapter":"caddyfile"}
{"level":"info","ts":1782722553.0992002,"logger":"admin","msg":"admin endpoint started","address":"unix//tmp/appsmith/caddy.sock","enforce_origin":false,"origins":[]}
{"level":"warn","ts":1782722553.0992074,"logger":"admin","msg":"admin endpoint on open interface; host checking disabled","address":"unix//tmp/appsmith/caddy.sock"}
{"level":"info","ts":1782722553.0994704,"logger":"tls.cache.maintenance","msg":"started background certificate maintenance","cache":"0x211bb5725980"}
{"level":"warn","ts":1782722553.1041684,"logger":"http.auto_https","msg":"server is listening only on the HTTP port, so no automatic HTTPS will be applied to this server","server_name":"srv1","http_port":80}
{"level":"warn","ts":1782722553.108237,"logger":"http","msg":"HTTP/2 skipped because it requires TLS","network":"tcp","addr":":2019"}
{"level":"warn","ts":1782722553.1082675,"logger":"http","msg":"HTTP/3 skipped because it requires TLS","network":"tcp","addr":":2019"}
{"level":"info","ts":1782722553.1082706,"logger":"http.log","msg":"server running","name":"srv0","protocols":["h1","h2","h3"]}
{"level":"warn","ts":1782722553.1082942,"logger":"http","msg":"HTTP/2 skipped because it requires TLS","network":"tcp","addr":":80"}
{"level":"warn","ts":1782722553.1082954,"logger":"http","msg":"HTTP/3 skipped because it requires TLS","network":"tcp","addr":":80"}
{"level":"info","ts":1782722553.1082964,"logger":"http.log","msg":"server running","name":"srv1","protocols":["h1","h2","h3"]}
{"level":"info","ts":1782722553.1083188,"msg":"serving initial configuration"}
{"level":"info","ts":1782722553.1291065,"logger":"tls","msg":"storage cleaning happened too recently; skipping for now","storage":"FileStorage:/appsmith-stacks/data/caddy","instance":"de2e9fac-361c-48c4-b223-0aaa48014236","try_again":1782808953.1291034,"try_again_in":86399.999999569}
{"level":"info","ts":1782722553.1320176,"logger":"tls","msg":"finished cleaning storage units"}
